2025-08-21 09:42:05,781 - INFO - Running single check for 90% accuracy achievement...
2025-08-21 09:42:05,783 - INFO - No experiment has achieved 90% accuracy yet.
2025-08-21 09:54:33,859 - INFO - Check interval: 60s, Max duration: 7200s
2025-08-21 09:54:33,860 - INFO - ================================================================================
2025-08-21 09:55:57,740 - INFO - Initial 90% Achievement Check
2025-08-21 09:55:57,741 - INFO - 90% target not yet achieved. Starting continuous monitoring...
2025-08-21 09:55:57,741 - INFO - Starting Continuous 90% Achievement Monitor
2025-08-21 09:55:57,741 - INFO - Check interval: 60s, Max duration: 7200s
2025-08-21 09:55:57,741 - INFO - ================================================================================
2025-08-21 09:55:57,742 - INFO - Check #1 at 09:55:57
2025-08-21 09:55:57,742 - INFO - Current best: Original Advanced Ensemble - 86.93%
2025-08-21 09:55:57,742 - INFO - Waiting 60s before next check...
2025-08-21 09:56:57,745 - INFO - Check #2 at 09:56:57
2025-08-21 09:56:57,745 - INFO - Current best: Original Advanced Ensemble - 86.93%
2025-08-21 09:56:57,745 - INFO - Waiting 60s before next check...
2025-08-21 09:57:57,747 - INFO - Check #3 at 09:57:57
2025-08-21 09:57:57,772 - INFO - Current best: Original Advanced Ensemble - 86.93%
2025-08-21 09:57:57,772 - INFO - Waiting 60s before next check...
2025-08-21 09:58:57,772 - INFO - Check #4 at 09:58:57
2025-08-21 09:58:57,786 - INFO - Current best: Original Advanced Ensemble - 86.93%
2025-08-21 09:58:57,787 - INFO - Waiting 60s before next check...
2025-08-21 09:59:57,787 - INFO - Check #5 at 09:59:57
2025-08-21 09:59:57,792 - INFO - Current best: Original Advanced Ensemble - 86.93%
2025-08-21 09:59:57,792 - INFO - Waiting 60s before next check...
2025-08-21 10:00:57,802 - INFO - Check #6 at 10:00:57
2025-08-21 10:00:57,833 - INFO - Current best: Original Advanced Ensemble - 86.93%
2025-08-21 10:00:57,833 - INFO - Waiting 60s before next check...
2025-08-21 10:01:57,835 - INFO - Check #7 at 10:01:57
2025-08-21 10:01:57,848 - INFO - Current best: Original Advanced Ensemble - 86.93%
2025-08-21 10:01:57,849 - INFO - Waiting 60s before next check...
2025-08-21 10:02:57,850 - INFO - Check #8 at 10:02:57
2025-08-21 10:02:57,863 - INFO - Current best: Original Advanced Ensemble - 86.93%
2025-08-21 10:02:57,863 - INFO - Waiting 60s before next check...
2025-08-21 10:03:57,865 - INFO - Check #9 at 10:03:57
2025-08-21 10:03:57,868 - INFO - Current best: Original Advanced Ensemble - 86.93%
2025-08-21 10:03:57,868 - INFO - Waiting 60s before next check...
2025-08-21 10:04:57,879 - INFO - Check #10 at 10:04:57
2025-08-21 10:04:57,893 - INFO - Current best: Original Advanced Ensemble - 86.93%
2025-08-21 10:04:57,894 - INFO - Waiting 60s before next check...
2025-08-21 10:05:57,894 - INFO - Check #11 at 10:05:57
2025-08-21 10:05:57,908 - INFO - Current best: Original Advanced Ensemble - 86.93%
2025-08-21 10:05:57,909 - INFO - Waiting 60s before next check...
2025-08-21 10:06:57,909 - INFO - Check #12 at 10:06:57
2025-08-21 10:06:57,913 - INFO - Current best: Original Advanced Ensemble - 86.93%
2025-08-21 10:06:57,913 - INFO - Waiting 60s before next check...
2025-08-21 10:07:57,924 - INFO - Check #13 at 10:07:57
2025-08-21 10:07:57,930 - INFO - Current best: Original Advanced Ensemble - 86.93%
2025-08-21 10:07:57,930 - INFO - Waiting 60s before next check...
2025-08-21 10:08:57,939 - INFO - Check #14 at 10:08:57
2025-08-21 10:08:57,953 - INFO - Current best: Original Advanced Ensemble - 86.93%
2025-08-21 10:08:57,954 - INFO - Waiting 60s before next check...
2025-08-21 10:09:57,954 - INFO - Check #15 at 10:09:57
2025-08-21 10:09:57,957 - INFO - Current best: Original Advanced Ensemble - 86.93%
2025-08-21 10:09:57,957 - INFO - Waiting 60s before next check...
2025-08-21 10:10:57,968 - INFO - Check #16 at 10:10:57
2025-08-21 10:10:57,981 - INFO - Current best: Original Advanced Ensemble - 86.93%
2025-08-21 10:10:57,981 - INFO - Waiting 60s before next check...
2025-08-21 10:11:57,983 - INFO - Check #17 at 10:11:57
2025-08-21 10:11:57,996 - INFO - Current best: Original Advanced Ensemble - 86.93%
2025-08-21 10:11:57,996 - INFO - Waiting 60s before next check...
2025-08-21 10:12:57,997 - INFO - Check #18 at 10:12:57
2025-08-21 10:12:58,011 - INFO - Current best: Original Advanced Ensemble - 86.93%
2025-08-21 10:12:58,012 - INFO - Waiting 60s before next check...
2025-08-21 10:13:58,012 - INFO - Check #19 at 10:13:58
2025-08-21 10:13:58,016 - INFO - Current best: Original Advanced Ensemble - 86.93%
2025-08-21 10:13:58,016 - INFO - Waiting 60s before next check...
2025-08-21 10:14:58,028 - INFO - Check #20 at 10:14:58
2025-08-21 10:14:58,044 - INFO - Current best: Original Advanced Ensemble - 86.93%
2025-08-21 10:14:58,045 - INFO - Waiting 60s before next check...
2025-08-21 10:15:58,045 - INFO - Check #21 at 10:15:58
2025-08-21 10:15:58,055 - INFO - Current best: Original Advanced Ensemble - 86.93%
2025-08-21 10:15:58,055 - INFO - Waiting 60s before next check...
2025-08-21 10:16:58,060 - INFO - Check #22 at 10:16:58
2025-08-21 10:16:58,066 - INFO - Current best: Original Advanced Ensemble - 86.93%
2025-08-21 10:16:58,066 - INFO - Waiting 60s before next check...
2025-08-21 10:17:58,075 - INFO - Check #23 at 10:17:58
2025-08-21 10:17:58,088 - INFO - Current best: Original Advanced Ensemble - 86.93%
2025-08-21 10:17:58,088 - INFO - Waiting 60s before next check...
2025-08-21 10:18:58,089 - INFO - Check #24 at 10:18:58
2025-08-21 10:18:58,103 - INFO - Current best: Original Advanced Ensemble - 86.93%
2025-08-21 10:18:58,104 - INFO - Waiting 60s before next check...
2025-08-21 10:19:58,105 - INFO - Check #25 at 10:19:58
2025-08-21 10:19:58,119 - INFO - Current best: Original Advanced Ensemble - 86.93%
2025-08-21 10:19:58,120 - INFO - Waiting 60s before next check...
2025-08-21 10:20:58,120 - INFO - Check #26 at 10:20:58
2025-08-21 10:20:58,123 - INFO - Current best: Original Advanced Ensemble - 86.93%
2025-08-21 10:20:58,123 - INFO - Waiting 60s before next check...
2025-08-21 10:21:58,134 - INFO - Check #27 at 10:21:58
2025-08-21 10:21:58,144 - INFO - Current best: Original Advanced Ensemble - 86.93%
2025-08-21 10:21:58,147 - INFO - Waiting 60s before next check...
2025-08-21 10:22:58,148 - INFO - Check #28 at 10:22:58
2025-08-21 10:22:58,166 - INFO - Current best: Original Advanced Ensemble - 86.93%
2025-08-21 10:22:58,167 - INFO - Waiting 60s before next check...
2025-08-21 10:23:58,168 - INFO - Check #29 at 10:23:58
2025-08-21 10:23:58,181 - INFO - Current best: Original Advanced Ensemble - 86.93%
2025-08-21 10:23:58,182 - INFO - Waiting 60s before next check...
2025-08-21 10:24:58,183 - INFO - Check #30 at 10:24:58
2025-08-21 10:24:58,197 - INFO - Current best: Original Advanced Ensemble - 86.93%
2025-08-21 10:24:58,198 - INFO - Waiting 60s before next check...
2025-08-21 10:25:58,199 - INFO - Check #31 at 10:25:58
2025-08-21 10:25:58,226 - INFO - Current best: Original Advanced Ensemble - 86.93%
2025-08-21 10:25:58,226 - INFO - Waiting 60s before next check...
2025-08-21 10:26:58,233 - INFO - Check #32 at 10:26:58
2025-08-21 10:26:58,246 - INFO - Current best: Original Advanced Ensemble - 86.93%
2025-08-21 10:26:58,247 - INFO - Waiting 60s before next check...
2025-08-21 10:27:58,248 - INFO - Check #33 at 10:27:58
2025-08-21 10:27:58,251 - INFO - Current best: Original Advanced Ensemble - 86.93%
2025-08-21 10:27:58,251 - INFO - Waiting 60s before next check...
2025-08-21 10:28:58,263 - INFO - Check #34 at 10:28:58
2025-08-21 10:28:58,276 - INFO - Current best: Original Advanced Ensemble - 86.93%
2025-08-21 10:28:58,277 - INFO - Waiting 60s before next check...
2025-08-21 10:29:58,278 - INFO - Check #35 at 10:29:58
2025-08-21 10:29:58,293 - INFO - Current best: Original Advanced Ensemble - 86.93%
2025-08-21 10:29:58,294 - INFO - Waiting 60s before next check...
2025-08-21 10:30:58,294 - INFO - Check #36 at 10:30:58
2025-08-21 10:30:58,304 - INFO - Current best: Original Advanced Ensemble - 86.93%
2025-08-21 10:30:58,309 - INFO - Waiting 60s before next check...
2025-08-21 10:31:58,310 - INFO - Check #37 at 10:31:58
2025-08-21 10:31:58,323 - INFO - Current best: Original Advanced Ensemble - 86.93%
2025-08-21 10:31:58,340 - INFO - Waiting 60s before next check...
2025-08-21 10:32:58,353 - INFO - Check #38 at 10:32:58
2025-08-21 10:32:58,367 - INFO - Current best: Original Advanced Ensemble - 86.93%
2025-08-21 10:32:58,369 - INFO - Waiting 60s before next check...
2025-08-21 10:33:58,370 - INFO - Check #39 at 10:33:58
2025-08-21 10:33:58,384 - INFO - Current best: Original Advanced Ensemble - 86.93%
2025-08-21 10:33:58,385 - INFO - Waiting 60s before next check...
2025-08-21 10:34:58,386 - INFO - Check #40 at 10:34:58
2025-08-21 10:34:58,405 - INFO - Current best: Original Advanced Ensemble - 86.93%
2025-08-21 10:34:58,405 - INFO - Waiting 60s before next check...
2025-08-21 10:35:58,407 - INFO - Check #41 at 10:35:58
2025-08-21 10:35:58,420 - INFO - Current best: Original Advanced Ensemble - 86.93%
2025-08-21 10:35:58,420 - INFO - Waiting 60s before next check...
2025-08-21 10:36:58,421 - INFO - Check #42 at 10:36:58
2025-08-21 10:36:58,435 - INFO - Current best: Original Advanced Ensemble - 86.93%
2025-08-21 10:36:58,436 - INFO - Waiting 60s before next check...
2025-08-21 10:37:58,436 - INFO - Check #43 at 10:37:58
2025-08-21 10:37:58,439 - INFO - Current best: Original Advanced Ensemble - 86.93%
2025-08-21 10:37:58,439 - INFO - Waiting 60s before next check...
2025-08-21 10:38:58,451 - INFO - Check #44 at 10:38:58
2025-08-21 10:38:58,458 - INFO - Current best: Original Advanced Ensemble - 86.93%
2025-08-21 10:38:58,458 - INFO - Waiting 60s before next check...
2025-08-21 10:39:58,465 - INFO - Check #45 at 10:39:58
2025-08-21 10:39:58,469 - INFO - Current best: Original Advanced Ensemble - 86.93%
2025-08-21 10:39:58,469 - INFO - Waiting 60s before next check...
2025-08-21 10:40:58,480 - INFO - Check #46 at 10:40:58
2025-08-21 10:40:58,493 - INFO - Current best: Original Advanced Ensemble - 86.93%
2025-08-21 10:40:58,493 - INFO - Waiting 60s before next check...
2025-08-21 10:41:58,495 - INFO - Check #47 at 10:41:58
2025-08-21 10:41:58,495 - INFO - Current best: Original Advanced Ensemble - 86.93%
2025-08-21 10:41:58,495 - INFO - Waiting 60s before next check...
2025-08-21 10:42:58,509 - INFO - Check #48 at 10:42:58
2025-08-21 10:42:58,524 - INFO - Current best: Original Advanced Ensemble - 86.93%
2025-08-21 10:42:58,525 - INFO - Waiting 60s before next check...
2025-08-21 10:43:58,525 - INFO - Check #49 at 10:43:58
2025-08-21 10:43:58,530 - INFO - Current best: Original Advanced Ensemble - 86.93%
2025-08-21 10:43:58,530 - INFO - Waiting 60s before next check...
2025-08-21 10:44:58,541 - INFO - Check #50 at 10:44:58
2025-08-21 10:44:58,554 - INFO - Current best: Original Advanced Ensemble - 86.93%
2025-08-21 10:44:58,554 - INFO - Waiting 60s before next check...
2025-08-21 10:45:58,556 - INFO - Check #51 at 10:45:58
2025-08-21 10:45:58,559 - INFO - Current best: Original Advanced Ensemble - 86.93%
2025-08-21 10:45:58,570 - INFO - Waiting 60s before next check...
2025-08-21 10:46:58,571 - INFO - Check #52 at 10:46:58
2025-08-21 10:46:58,584 - INFO - Current best: Original Advanced Ensemble - 86.93%
2025-08-21 10:46:58,584 - INFO - Waiting 60s before next check...
2025-08-21 10:47:58,585 - INFO - Check #53 at 10:47:58
2025-08-21 10:47:58,598 - INFO - Current best: Original Advanced Ensemble - 86.93%
2025-08-21 10:47:58,599 - INFO - Waiting 60s before next check...
2025-08-21 10:48:58,599 - INFO - Check #54 at 10:48:58
2025-08-21 10:48:58,612 - INFO - Current best: Original Advanced Ensemble - 86.93%
2025-08-21 10:48:58,613 - INFO - Waiting 60s before next check...
2025-08-21 10:49:58,615 - INFO - Check #55 at 10:49:58
2025-08-21 10:49:58,615 - INFO - Current best: Original Advanced Ensemble - 86.93%
2025-08-21 10:49:58,615 - INFO - Waiting 60s before next check...
2025-08-21 10:50:58,629 - INFO - Check #56 at 10:50:58
2025-08-21 10:50:58,641 - INFO - Current best: Original Advanced Ensemble - 86.93%
2025-08-21 10:50:58,641 - INFO - Waiting 60s before next check...
2025-08-21 10:51:58,644 - INFO - Check #57 at 10:51:58
2025-08-21 10:51:58,659 - INFO - Current best: Original Advanced Ensemble - 86.93%
2025-08-21 10:51:58,660 - INFO - Waiting 60s before next check...
2025-08-21 10:52:58,661 - INFO - Check #58 at 10:52:58
2025-08-21 10:52:58,675 - INFO - Current best: Original Advanced Ensemble - 86.93%
2025-08-21 10:52:58,676 - INFO - Waiting 60s before next check...
2025-08-21 10:53:58,676 - INFO - Check #59 at 10:53:58
2025-08-21 10:53:58,690 - INFO - Current best: Original Advanced Ensemble - 86.93%
2025-08-21 10:53:58,690 - INFO - Waiting 60s before next check...
2025-08-21 10:54:58,691 - INFO - Check #60 at 10:54:58
2025-08-21 10:54:58,695 - INFO - Current best: Original Advanced Ensemble - 86.93%
2025-08-21 10:54:58,695 - INFO - Waiting 60s before next check...
2025-08-21 10:55:58,707 - INFO - Check #61 at 10:55:58
2025-08-21 10:55:58,721 - INFO - Current best: Original Advanced Ensemble - 86.93%
2025-08-21 10:55:58,721 - INFO - Waiting 60s before next check...
2025-08-21 10:56:58,722 - INFO - Check #62 at 10:56:58
2025-08-21 10:56:58,735 - INFO - Current best: Original Advanced Ensemble - 86.93%
2025-08-21 10:56:58,737 - INFO - Waiting 60s before next check...
2025-08-21 10:57:58,738 - INFO - Check #63 at 10:57:58
2025-08-21 10:57:58,739 - INFO - Current best: Original Advanced Ensemble - 86.93%
2025-08-21 10:57:58,753 - INFO - Waiting 60s before next check...
2025-08-21 10:58:58,753 - INFO - Check #64 at 10:58:58
2025-08-21 10:58:58,766 - INFO - Current best: Original Advanced Ensemble - 86.93%
2025-08-21 10:58:58,767 - INFO - Waiting 60s before next check...
2025-08-21 10:59:58,768 - INFO - Check #65 at 10:59:58
2025-08-21 10:59:58,771 - INFO - Current best: Original Advanced Ensemble - 86.93%
2025-08-21 10:59:58,771 - INFO - Waiting 60s before next check...
2025-08-21 11:00:58,782 - INFO - Check #66 at 11:00:58
2025-08-21 11:00:58,795 - INFO - Current best: Original Advanced Ensemble - 86.93%
2025-08-21 11:00:58,796 - INFO - Waiting 60s before next check...
2025-08-21 11:01:58,797 - INFO - Check #67 at 11:01:58
2025-08-21 11:01:58,810 - INFO - Current best: Original Advanced Ensemble - 86.93%
2025-08-21 11:01:58,811 - INFO - Waiting 60s before next check...
2025-08-21 11:02:58,812 - INFO - Check #68 at 11:02:58
2025-08-21 11:02:58,823 - INFO - Current best: Original Advanced Ensemble - 86.93%
2025-08-21 11:02:58,823 - INFO - Waiting 60s before next check...
2025-08-21 11:03:58,827 - INFO - Check #69 at 11:03:58
2025-08-21 11:03:58,841 - INFO - Current best: Original Advanced Ensemble - 86.93%
2025-08-21 11:03:58,841 - INFO - Waiting 60s before next check...
2025-08-21 11:04:58,842 - INFO - Check #70 at 11:04:58
2025-08-21 11:04:58,856 - INFO - Current best: Original Advanced Ensemble - 86.93%
2025-08-21 11:04:58,857 - INFO - Waiting 60s before next check...
2025-08-21 11:05:58,858 - INFO - Check #71 at 11:05:58
2025-08-21 11:05:58,862 - INFO - Current best: Original Advanced Ensemble - 86.93%
2025-08-21 11:05:58,862 - INFO - Waiting 60s before next check...
2025-08-21 11:06:58,873 - INFO - Check #72 at 11:06:58
2025-08-21 11:06:58,874 - INFO - Current best: Original Advanced Ensemble - 86.93%
2025-08-21 11:06:58,874 - INFO - Waiting 60s before next check...
2025-08-21 11:07:58,887 - INFO - Check #73 at 11:07:58
2025-08-21 11:07:58,900 - INFO - Current best: Original Advanced Ensemble - 86.93%
2025-08-21 11:07:58,900 - INFO - Waiting 60s before next check...
2025-08-21 11:08:58,902 - INFO - Check #74 at 11:08:58
2025-08-21 11:08:58,915 - INFO - Current best: Original Advanced Ensemble - 86.93%
2025-08-21 11:08:58,916 - INFO - Waiting 60s before next check...
2025-08-21 11:09:58,916 - INFO - Check #75 at 11:09:58
2025-08-21 11:09:58,930 - INFO - Current best: Original Advanced Ensemble - 86.93%
2025-08-21 11:09:58,930 - INFO - Waiting 60s before next check...
2025-08-21 11:10:58,931 - INFO - Check #76 at 11:10:58
2025-08-21 11:10:58,935 - INFO - Current best: Original Advanced Ensemble - 86.93%
2025-08-21 11:10:58,935 - INFO - Waiting 60s before next check...
2025-08-21 11:11:58,946 - INFO - Check #77 at 11:11:58
2025-08-21 11:11:58,960 - INFO - Current best: Original Advanced Ensemble - 86.93%
2025-08-21 11:11:58,961 - INFO - Waiting 60s before next check...
2025-08-21 11:12:58,962 - INFO - Check #78 at 11:12:58
2025-08-21 11:12:58,975 - INFO - Current best: Original Advanced Ensemble - 86.93%
2025-08-21 11:12:58,976 - INFO - Waiting 60s before next check...
2025-08-21 11:13:58,976 - INFO - Check #79 at 11:13:58
2025-08-21 11:13:58,978 - INFO - Current best: Original Advanced Ensemble - 86.93%
2025-08-21 11:13:58,978 - INFO - Waiting 60s before next check...
2025-08-21 11:14:58,992 - INFO - Check #80 at 11:14:58
2025-08-21 11:14:59,006 - INFO - Current best: Original Advanced Ensemble - 86.93%
2025-08-21 11:14:59,006 - INFO - Waiting 60s before next check...
2025-08-21 11:15:59,007 - INFO - Check #81 at 11:15:59
2025-08-21 11:15:59,022 - INFO - Current best: Original Advanced Ensemble - 86.93%
2025-08-21 11:15:59,022 - INFO - Waiting 60s before next check...
2025-08-21 11:16:59,023 - INFO - Check #82 at 11:16:59
2025-08-21 11:16:59,038 - INFO - Current best: Original Advanced Ensemble - 86.93%
2025-08-21 11:16:59,039 - INFO - Waiting 60s before next check...
2025-08-21 11:17:59,039 - INFO - Check #83 at 11:17:59
2025-08-21 11:17:59,052 - INFO - Current best: Original Advanced Ensemble - 86.93%
2025-08-21 11:17:59,053 - INFO - Waiting 60s before next check...
2025-08-21 11:18:59,054 - INFO - Check #84 at 11:18:59
2025-08-21 11:18:59,057 - INFO - Current best: Original Advanced Ensemble - 86.93%
2025-08-21 11:18:59,068 - INFO - Waiting 60s before next check...
2025-08-21 11:19:59,069 - INFO - Check #85 at 11:19:59
2025-08-21 11:19:59,083 - INFO - Current best: Original Advanced Ensemble - 86.93%
2025-08-21 11:19:59,083 - INFO - Waiting 60s before next check...
2025-08-21 11:20:59,084 - INFO - Check #86 at 11:20:59
2025-08-21 11:20:59,091 - INFO - Current best: Original Advanced Ensemble - 86.93%
2025-08-21 11:20:59,091 - INFO - Waiting 60s before next check...
2025-08-21 11:21:59,100 - INFO - Check #87 at 11:21:59
2025-08-21 11:21:59,113 - INFO - Current best: Original Advanced Ensemble - 86.93%
2025-08-21 11:21:59,114 - INFO - Waiting 60s before next check...
2025-08-21 11:22:59,115 - INFO - Check #88 at 11:22:59
2025-08-21 11:22:59,129 - INFO - Current best: Original Advanced Ensemble - 86.93%
2025-08-21 11:22:59,129 - INFO - Waiting 60s before next check...
2025-08-21 11:23:59,130 - INFO - Check #89 at 11:23:59
2025-08-21 11:23:59,130 - INFO - Current best: Original Advanced Ensemble - 86.93%
2025-08-21 11:23:59,130 - INFO - Waiting 60s before next check...
2025-08-21 11:24:59,145 - INFO - Check #90 at 11:24:59
2025-08-21 11:24:59,154 - INFO - Current best: Original Advanced Ensemble - 86.93%
2025-08-21 11:24:59,154 - INFO - Waiting 60s before next check...
2025-08-21 11:25:59,159 - INFO - Check #91 at 11:25:59
2025-08-21 11:25:59,173 - INFO - Current best: Original Advanced Ensemble - 86.93%
2025-08-21 11:25:59,173 - INFO - Waiting 60s before next check...
2025-08-21 11:26:59,174 - INFO - Check #92 at 11:26:59
2025-08-21 11:26:59,187 - INFO - Current best: Original Advanced Ensemble - 86.93%
2025-08-21 11:26:59,188 - INFO - Waiting 60s before next check...
2025-08-21 11:27:59,189 - INFO - Check #93 at 11:27:59
2025-08-21 11:27:59,201 - INFO - Current best: Original Advanced Ensemble - 86.93%
2025-08-21 11:27:59,202 - INFO - Waiting 60s before next check...
2025-08-21 11:28:59,203 - INFO - Check #94 at 11:28:59
2025-08-21 11:28:59,218 - INFO - Current best: Original Advanced Ensemble - 86.93%
2025-08-21 11:28:59,218 - INFO - Waiting 60s before next check...
2025-08-21 11:29:59,219 - INFO - Check #95 at 11:29:59
2025-08-21 11:29:59,233 - INFO - Current best: Original Advanced Ensemble - 86.93%
2025-08-21 11:29:59,234 - INFO - Waiting 60s before next check...
2025-08-21 11:30:59,235 - INFO - Check #96 at 11:30:59
2025-08-21 11:30:59,239 - INFO - Current best: Original Advanced Ensemble - 86.93%
2025-08-21 11:30:59,239 - INFO - Waiting 60s before next check...
2025-08-21 11:31:59,251 - INFO - Check #97 at 11:31:59
2025-08-21 11:31:59,265 - INFO - Current best: Original Advanced Ensemble - 86.93%
2025-08-21 11:31:59,265 - INFO - Waiting 60s before next check...
2025-08-21 11:32:59,266 - INFO - Check #98 at 11:32:59
2025-08-21 11:32:59,279 - INFO - Current best: Original Advanced Ensemble - 86.93%
2025-08-21 11:32:59,281 - INFO - Waiting 60s before next check...
2025-08-21 11:33:59,281 - INFO - Check #99 at 11:33:59
2025-08-21 11:33:59,294 - INFO - Current best: Original Advanced Ensemble - 86.93%
2025-08-21 11:33:59,297 - INFO - Waiting 60s before next check...
2025-08-21 11:34:59,297 - INFO - Check #100 at 11:34:59
2025-08-21 11:34:59,311 - INFO - Current best: Original Advanced Ensemble - 86.93%
2025-08-21 11:34:59,312 - INFO - Waiting 60s before next check...
2025-08-21 11:35:59,313 - INFO - Check #101 at 11:35:59
2025-08-21 11:35:59,327 - INFO - Current best: Original Advanced Ensemble - 86.93%
2025-08-21 11:35:59,327 - INFO - Waiting 60s before next check...
2025-08-21 11:36:59,328 - INFO - Check #102 at 11:36:59
2025-08-21 11:36:59,331 - INFO - Current best: Original Advanced Ensemble - 86.93%
2025-08-21 11:36:59,343 - INFO - Waiting 60s before next check...
2025-08-21 11:37:59,344 - INFO - Check #103 at 11:37:59
2025-08-21 11:37:59,353 - INFO - Current best: Original Advanced Ensemble - 86.93%
2025-08-21 11:37:59,353 - INFO - Waiting 60s before next check...
2025-08-21 11:38:59,359 - INFO - Check #104 at 11:38:59
2025-08-21 11:38:59,372 - INFO - Current best: Original Advanced Ensemble - 86.93%
2025-08-21 11:38:59,372 - INFO - Waiting 60s before next check...
2025-08-21 11:39:59,373 - INFO - Check #105 at 11:39:59
2025-08-21 11:39:59,387 - INFO - Current best: Original Advanced Ensemble - 86.93%
2025-08-21 11:39:59,389 - INFO - Waiting 60s before next check...
2025-08-21 11:40:59,390 - INFO - Check #106 at 11:40:59
2025-08-21 11:40:59,405 - INFO - Current best: Original Advanced Ensemble - 86.93%
2025-08-21 11:40:59,405 - INFO - Waiting 60s before next check...
2025-08-21 11:41:59,406 - INFO - Check #107 at 11:41:59
2025-08-21 11:41:59,419 - INFO - Current best: Original Advanced Ensemble - 86.93%
2025-08-21 11:41:59,419 - INFO - Waiting 60s before next check...
2025-08-21 11:42:59,420 - INFO - Check #108 at 11:42:59
2025-08-21 11:42:59,434 - INFO - Current best: Original Advanced Ensemble - 86.93%
2025-08-21 11:42:59,435 - INFO - Waiting 60s before next check...
2025-08-21 11:43:59,435 - INFO - Check #109 at 11:43:59
2025-08-21 11:43:59,449 - INFO - Current best: Original Advanced Ensemble - 86.93%
2025-08-21 11:43:59,449 - INFO - Waiting 60s before next check...
2025-08-21 11:44:59,451 - INFO - Check #110 at 11:44:59
2025-08-21 11:44:59,464 - INFO - Current best: Original Advanced Ensemble - 86.93%
2025-08-21 11:44:59,465 - INFO - Waiting 60s before next check...
2025-08-21 11:45:59,466 - INFO - Check #111 at 11:45:59
2025-08-21 11:45:59,480 - INFO - Current best: Original Advanced Ensemble - 86.93%
2025-08-21 11:45:59,481 - INFO - Waiting 60s before next check...
2025-08-21 11:46:59,481 - INFO - Check #112 at 11:46:59
2025-08-21 11:46:59,494 - INFO - Current best: Original Advanced Ensemble - 86.93%
2025-08-21 11:46:59,495 - INFO - Waiting 60s before next check...
2025-08-21 11:47:59,496 - INFO - Check #113 at 11:47:59
2025-08-21 11:47:59,499 - INFO - Current best: Original Advanced Ensemble - 86.93%
2025-08-21 11:47:59,499 - INFO - Waiting 60s before next check...
2025-08-21 11:48:59,510 - INFO - Check #114 at 11:48:59
2025-08-21 11:48:59,513 - INFO - Current best: Original Advanced Ensemble - 86.93%
2025-08-21 11:48:59,524 - INFO - Waiting 60s before next check...
2025-08-21 11:58:28,705 - INFO - Initial 90% Achievement Check
2025-08-21 11:58:28,719 - INFO - 90% target not yet achieved. Starting continuous monitoring...
2025-08-21 11:58:28,719 - INFO - Starting Continuous 90% Achievement Monitor
2025-08-21 11:58:28,719 - INFO - Check interval: 60s, Max duration: 7200s
2025-08-21 11:58:28,719 - INFO - ================================================================================
2025-08-21 11:58:28,719 - INFO - Check #1 at 11:58:28
2025-08-21 11:58:28,735 - INFO - Current best: Original Advanced Ensemble - 86.93%
2025-08-21 11:58:28,735 - INFO - Waiting 60s before next check...
2025-08-21 11:59:28,736 - INFO - Check #2 at 11:59:28
2025-08-21 11:59:28,749 - INFO - Current best: Original Advanced Ensemble - 86.93%
2025-08-21 11:59:28,750 - INFO - Waiting 60s before next check...
2025-08-21 12:00:21,825 - INFO - 
Monitoring stopped by user
